Archive member included to satisfy reference by file (symbol)

/home/student/eclipse-workspace/Tiva_C_LaunchPad/SW-EK-TM4C123GXL-2.1.4.178/driverlib/gcc/libdriver.a(gpio.o)
                              ./src/main.o (GPIOPinTypeUART)
/home/student/eclipse-workspace/Tiva_C_LaunchPad/SW-EK-TM4C123GXL-2.1.4.178/driverlib/gcc/libdriver.a(interrupt.o)
                              /home/student/eclipse-workspace/Tiva_C_LaunchPad/SW-EK-TM4C123GXL-2.1.4.178/driverlib/gcc/libdriver.a(gpio.o) (IntRegister)
/home/student/eclipse-workspace/Tiva_C_LaunchPad/SW-EK-TM4C123GXL-2.1.4.178/driverlib/gcc/libdriver.a(sysctl.o)
                              ./SW-EK-TM4C123GXL-2.1.4.178/utils/uartstdio.o (SysCtlPeripheralPresent)
/home/student/eclipse-workspace/Tiva_C_LaunchPad/SW-EK-TM4C123GXL-2.1.4.178/driverlib/gcc/libdriver.a(uart.o)
                              ./SW-EK-TM4C123GXL-2.1.4.178/utils/uartstdio.o (UARTEnable)
/home/student/eclipse-workspace/Tiva_C_LaunchPad/SW-EK-TM4C123GXL-2.1.4.178/driverlib/gcc/libdriver.a(cpu.o)
                              /home/student/eclipse-workspace/Tiva_C_LaunchPad/SW-EK-TM4C123GXL-2.1.4.178/driverlib/gcc/libdriver.a(interrupt.o) (CPUcpsid)
/usr/lib/gcc/arm-none-eabi/5.4.1/armv7e-m/fpu/libgcc.a(_arm_addsubdf3.o)
                              ./src/main.o (__aeabi_dsub)
/usr/lib/gcc/arm-none-eabi/5.4.1/armv7e-m/fpu/libgcc.a(_arm_muldivdf3.o)
                              ./src/main.o (__aeabi_dmul)
/usr/lib/gcc/arm-none-eabi/5.4.1/armv7e-m/fpu/libgcc.a(_arm_fixunsdfsi.o)
                              ./src/main.o (__aeabi_d2uiz)
/usr/lib/gcc/arm-none-eabi/5.4.1/armv7e-m/fpu/libgcc.a(_arm_truncdfsf2.o)
                              ./src/main.o (__aeabi_d2f)
/usr/lib/gcc/arm-none-eabi/5.4.1/../../../arm-none-eabi/lib/armv7e-m/fpu/libg.a(lib_a-atexit.o)
                              /usr/lib/gcc/arm-none-eabi/5.4.1/../../../arm-none-eabi/lib/armv7e-m/fpu/crt0.o (atexit)
/usr/lib/gcc/arm-none-eabi/5.4.1/../../../arm-none-eabi/lib/armv7e-m/fpu/libg.a(lib_a-atoi.o)
                              ./src/main.o (atoi)
/usr/lib/gcc/arm-none-eabi/5.4.1/../../../arm-none-eabi/lib/armv7e-m/fpu/libg.a(lib_a-exit.o)
                              /usr/lib/gcc/arm-none-eabi/5.4.1/../../../arm-none-eabi/lib/armv7e-m/fpu/crt0.o (exit)
/usr/lib/gcc/arm-none-eabi/5.4.1/../../../arm-none-eabi/lib/armv7e-m/fpu/libg.a(lib_a-fini.o)
                              /usr/lib/gcc/arm-none-eabi/5.4.1/../../../arm-none-eabi/lib/armv7e-m/fpu/crt0.o (__libc_fini_array)
/usr/lib/gcc/arm-none-eabi/5.4.1/../../../arm-none-eabi/lib/armv7e-m/fpu/libg.a(lib_a-impure.o)
                              /usr/lib/gcc/arm-none-eabi/5.4.1/../../../arm-none-eabi/lib/armv7e-m/fpu/libg.a(lib_a-exit.o) (_global_impure_ptr)
/usr/lib/gcc/arm-none-eabi/5.4.1/../../../arm-none-eabi/lib/armv7e-m/fpu/libg.a(lib_a-init.o)
                              /usr/lib/gcc/arm-none-eabi/5.4.1/../../../arm-none-eabi/lib/armv7e-m/fpu/crt0.o (__libc_init_array)
/usr/lib/gcc/arm-none-eabi/5.4.1/../../../arm-none-eabi/lib/armv7e-m/fpu/libg.a(lib_a-itoa.o)
                              ./src/main.o (itoa)
/usr/lib/gcc/arm-none-eabi/5.4.1/../../../arm-none-eabi/lib/armv7e-m/fpu/libg.a(lib_a-memset.o)
                              /usr/lib/gcc/arm-none-eabi/5.4.1/../../../arm-none-eabi/lib/armv7e-m/fpu/crt0.o (memset)
/usr/lib/gcc/arm-none-eabi/5.4.1/../../../arm-none-eabi/lib/armv7e-m/fpu/libg.a(lib_a-strcat.o)
                              ./src/main.o (strcat)
/usr/lib/gcc/arm-none-eabi/5.4.1/../../../arm-none-eabi/lib/armv7e-m/fpu/libg.a(lib_a-strcpy.o)
                              ./src/main.o (strcpy)
/usr/lib/gcc/arm-none-eabi/5.4.1/../../../arm-none-eabi/lib/armv7e-m/fpu/libg.a(lib_a-strlen.o)
                              ./src/main.o (strlen)
/usr/lib/gcc/arm-none-eabi/5.4.1/../../../arm-none-eabi/lib/armv7e-m/fpu/libg.a(lib_a-strtok.o)
                              ./src/main.o (strtok)
/usr/lib/gcc/arm-none-eabi/5.4.1/../../../arm-none-eabi/lib/armv7e-m/fpu/libg.a(lib_a-strtok_r.o)
                              /usr/lib/gcc/arm-none-eabi/5.4.1/../../../arm-none-eabi/lib/armv7e-m/fpu/libg.a(lib_a-strtok.o) (__strtok_r)
/usr/lib/gcc/arm-none-eabi/5.4.1/../../../arm-none-eabi/lib/armv7e-m/fpu/libg.a(lib_a-strtol.o)
                              /usr/lib/gcc/arm-none-eabi/5.4.1/../../../arm-none-eabi/lib/armv7e-m/fpu/libg.a(lib_a-atoi.o) (_strtol_r)
/usr/lib/gcc/arm-none-eabi/5.4.1/../../../arm-none-eabi/lib/armv7e-m/fpu/libg.a(lib_a-utoa.o)
                              /usr/lib/gcc/arm-none-eabi/5.4.1/../../../arm-none-eabi/lib/armv7e-m/fpu/libg.a(lib_a-itoa.o) (__utoa)
/usr/lib/gcc/arm-none-eabi/5.4.1/../../../arm-none-eabi/lib/armv7e-m/fpu/libg.a(lib_a-__atexit.o)
                              /usr/lib/gcc/arm-none-eabi/5.4.1/../../../arm-none-eabi/lib/armv7e-m/fpu/libg.a(lib_a-atexit.o) (__register_exitproc)
/usr/lib/gcc/arm-none-eabi/5.4.1/../../../arm-none-eabi/lib/armv7e-m/fpu/libg.a(lib_a-__call_atexit.o)
[...]
Memory Configuration

Name             Origin             Length             Attributes
FLASH            0x0000000000000000 0x0000000000040000 xr
SRAM             0x0000000020000000 0x0000000000008000 xrw
*default*        0x0000000000000000 0xffffffffffffffff

Linker script and memory map

LOAD /usr/lib/gcc/arm-none-eabi/5.4.1/armv7e-m/fpu/crti.o
LOAD /usr/lib/gcc/arm-none-eabi/5.4.1/armv7e-m/fpu/crtbegin.o
LOAD /usr/lib/gcc/arm-none-eabi/5.4.1/../../../arm-none-eabi/lib/armv7e-m/fpu/crt0.o
LOAD ./src/main.o
LOAD ./src/startup_gcc.o
LOAD ./SW-EK-TM4C123GXL-2.1.4.178/utils/uartstdio.o
LOAD /home/student/eclipse-workspace/Tiva_C_LaunchPad/SW-EK-TM4C123GXL-2.1.4.178/driverlib/gcc/libdriver.a
START GROUP
LOAD /usr/lib/gcc/arm-none-eabi/5.4.1/armv7e-m/fpu/libgcc.a
LOAD /usr/lib/gcc/arm-none-eabi/5.4.1/../../../arm-none-eabi/lib/armv7e-m/fpu/libg.a
LOAD /usr/lib/gcc/arm-none-eabi/5.4.1/../../../arm-none-eabi/lib/armv7e-m/fpu/libc.a
END GROUP
LOAD /usr/lib/gcc/arm-none-eabi/5.4.1/armv7e-m/fpu/crtend.o
LOAD /usr/lib/gcc/arm-none-eabi/5.4.1/armv7e-m/fpu/crtn.o

.text           0x0000000000000000     0x4de0
                0x0000000000000000                _text = .
 *(.isr_vector)
 .isr_vector    0x0000000000000000      0x26c ./src/startup_gcc.o
                0x0000000000000000                g_pfnVectors
 *(.text*)
 .text.init_UARTstdio
                0x000000000000026c       0x50 ./src/main.o
                0x000000000000026c                init_UARTstdio
 .text.StoktanDus
                0x00000000000002bc       0x6c ./src/main.o
                0x00000000000002bc                StoktanDus
 .text.SiparisSifirla
                0x0000000000000328       0x48 ./src/main.o
                0x0000000000000328                SiparisSifirla
 .text.init_port_F
                0x0000000000000370       0x60 ./src/main.o
                0x0000000000000370                init_port_F
 .text.init_port_E
                0x00000000000003d0       0x44 ./src/main.o
                0x00000000000003d0                init_port_E
 .text.init_port_D
                0x0000000000000414       0x58 ./src/main.o
                0x0000000000000414                init_port_D
 .text.delay    0x000000000000046c       0x4c ./src/main.o
                0x000000000000046c                delay
 .text.delayUs  0x00000000000004b8       0x48 ./src/main.o
                0x00000000000004b8                delayUs
 .text.LcdVeriYaz
                0x0000000000000500       0x58 ./src/main.o
                0x0000000000000500                LcdVeriYaz
 .text.LcdKomut
                0x0000000000000558       0x44 ./src/main.o
                0x0000000000000558                LcdKomut
 .text.LcdPutChar
                0x000000000000059c       0x38 ./src/main.o
                0x000000000000059c                LcdPutChar
 .text.Lcd_Puts
                0x00000000000005d4       0x30 ./src/main.o
                0x00000000000005d4                Lcd_Puts
 .text.Lcd_Goto
                0x0000000000000604       0x6c ./src/main.o
                0x0000000000000604                Lcd_Goto
 .text.LcdEkranTemizle
                0x0000000000000670       0x14 ./src/main.o
                0x0000000000000670                LcdEkranTemizle
 .text.Lcd_Init
                0x0000000000000684       0x50 ./src/main.o
                0x0000000000000684                Lcd_Init
 .text.StringOku
                0x00000000000006d4      0x46c ./src/main.o
                0x00000000000006d4                StringOku
 .text.StringBirlestir
                0x0000000000000b40      0x564 ./src/main.o
                0x0000000000000b40                StringBirlestir
 .text.UARTBastirma
                0x00000000000010a4      0x110 ./src/main.o
                0x00000000000010a4                UARTBastirma
 .text.main     0x00000000000011b4     0x21e8 ./src/main.o
                0x00000000000011b4                main
 .text.ResetISR
                0x000000000000339c       0x6c ./src/startup_gcc.o
                0x000000000000339c                ResetISR
 .text.NmiSR    0x0000000000003408        0x8 ./src/startup_gcc.o
 .text.FaultISR
                0x0000000000003410        0x8 ./src/startup_gcc.o
 .text.IntDefaultHandler
                0x0000000000003418        0x8 ./src/startup_gcc.o
 .text.UARTStdioConfig
                0x0000000000003420       0x70 ./SW-EK-TM4C123GXL-2.1.4.178/utils/uartstdio.o
                0x0000000000003420                UARTStdioConfig
 .text.UARTwrite
                0x0000000000003490       0x5c ./SW-EK-TM4C123GXL-2.1.4.178/utils/uartstdio.o
                0x0000000000003490                UARTwrite
 .text.UARTvprintf
                0x00000000000034ec      0x400 ./SW-EK-TM4C123GXL-2.1.4.178/utils/uartstdio.o
                0x00000000000034ec                UARTvprintf
 .text.UARTprintf
                0x00000000000038ec       0x24 ./SW-EK-TM4C123GXL-2.1.4.178/utils/uartstdio.o
                0x00000000000038ec                UARTprintf
 .text.GPIODirModeSet
                0x0000000000003910       0x2e /home/student/eclipse-workspace/Tiva_C_LaunchPad/SW-EK-TM4C123GXL-2.1.4.178/driverlib/gcc/libdriver.a(gpio.o)
                0x0000000000003910                GPIODirModeSet
 .text.GPIOPadConfigSet
                0x000000000000393e      0x130 /home/student/eclipse-workspace/Tiva_C_LaunchPad/SW-EK-TM4C123GXL-2.1.4.178/driverlib/gcc/libdriver.a(gpio.o)
                0x000000000000393e                GPIOPadConfigSet
 .text.GPIOPinTypeUART
                0x0000000000003a6e       0x1c /home/student/eclipse-workspace/Tiva_C_LaunchPad/SW-EK-TM4C123GXL-2.1.4.178/driverlib/gcc/libdriver.a(gpio.o)
                0x0000000000003a6e                GPIOPinTypeUART
 *fill*         0x0000000000003a8a        0x2 
 .text.GPIOPinConfigure
                0x0000000000003a8c       0x4c /home/student/eclipse-workspace/Tiva_C_LaunchPad/SW-EK-TM4C123GXL-2.1.4.178/driverlib/gcc/libdriver.a(gpio.o)
                0x0000000000003a8c                GPIOPinConfigure
 .text.SysCtlPeripheralPresent
                0x0000000000003ad8       0x26 /home/student/eclipse-workspace/Tiva_C_LaunchPad/SW-EK-TM4C123GXL-2.1.4.178/driverlib/gcc/libdriver.a(sysctl.o)
                0x0000000000003ad8                SysCtlPeripheralPresent
 .text.SysCtlPeripheralEnable
                0x0000000000003afe       0x22 /home/student/eclipse-workspace/Tiva_C_LaunchPad/SW-EK-TM4C123GXL-2.1.4.178/driverlib/gcc/libdriver.a(sysctl.o)
                0x0000000000003afe                SysCtlPeripheralEnable
 .text.SysCtlClockGet
                0x0000000000003b20      0x12c /home/student/eclipse-workspace/Tiva_C_LaunchPad/SW-EK-TM4C123GXL-2.1.4.178/driverlib/gcc/libdriver.a(sysctl.o)
                0x0000000000003b20                SysCtlClockGet
 .text.UARTEnable
                0x0000000000003c4c       0x16 /home/student/eclipse-workspace/Tiva_C_LaunchPad/SW-EK-TM4C123GXL-2.1.4.178/driverlib/gcc/libdriver.a(uart.o)
                0x0000000000003c4c                UARTEnable
 .text.UARTDisable
                0x0000000000003c62       0x1c /home/student/eclipse-workspace/Tiva_C_LaunchPad/SW-EK-TM4C123GXL-2.1.4.178/driverlib/gcc/libdriver.a(uart.o)
                0x0000000000003c62                UARTDisable
 .text.UARTConfigSetExpClk
                0x0000000000003c7e       0x48 /home/student/eclipse-workspace/Tiva_C_LaunchPad/SW-EK-TM4C123GXL-2.1.4.178/driverlib/gcc/libdriver.a(uart.o)
                0x0000000000003c7e                UARTConfigSetExpClk
 .text.UARTCharPut
                0x0000000000003cc6        0xa /home/student/eclipse-workspace/Tiva_C_LaunchPad/SW-EK-TM4C123GXL-2.1.4.178/driverlib/gcc/libdriver.a(uart.o)
                0x0000000000003cc6                UARTCharPut
 .text          0x0000000000003cd0      0x370 /usr/lib/gcc/arm-none-eabi/5.4.1/armv7e-m/fpu/libgcc.a(_arm_addsubdf3.o)
                0x0000000000003cd0                __aeabi_drsub
                0x0000000000003cd8                __aeabi_dsub
                0x0000000000003cd8                __subdf3
                0x0000000000003cdc                __adddf3
                0x0000000000003cdc                __aeabi_dadd
                0x0000000000003f54                __aeabi_ui2d
                0x0000000000003f54                __floatunsidf
                0x0000000000003f74                __floatsidf
                0x0000000000003f74                __aeabi_i2d
                0x0000000000003f98                __extendsfdf2
                0x0000000000003f98                __aeabi_f2d
                0x0000000000003fd4                __aeabi_ul2d
                0x0000000000003fd4                __floatundidf
                0x0000000000003fe4                __floatdidf
                0x0000000000003fe4                __aeabi_l2d
 .text          0x0000000000004040      0x424 /usr/lib/gcc/arm-none-eabi/5.4.1/armv7e-m/fpu/libgcc.a(_arm_muldivdf3.o)
                0x0000000000004040                __aeabi_dmul
                0x0000000000004040                __muldf3
                0x0000000000004294                __aeabi_ddiv
                0x0000000000004294                __divdf3
 .text          0x0000000000004464       0x40 /usr/lib/gcc/arm-none-eabi/5.4.1/armv7e-m/fpu/libgcc.a(_arm_fixunsdfsi.o)
                0x0000000000004464                __fixunsdfsi
                0x0000000000004464                __aeabi_d2uiz
 .text          0x00000000000044a4       0xa0 /usr/lib/gcc/arm-none-eabi/5.4.1/armv7e-m/fpu/libgcc.a(_arm_truncdfsf2.o)
                0x00000000000044a4                __aeabi_d2f
                0x00000000000044a4                __truncdfsf2
 .text          0x0000000000004544       0x10 /usr/lib/gcc/arm-none-eabi/5.4.1/../../../arm-none-eabi/lib/armv7e-m/fpu/libg.a(lib_a-atoi.o)
                0x0000000000004544                atoi
                0x000000000000454c                _atoi_r
 .text          0x0000000000004554       0x34 /usr/lib/gcc/arm-none-eabi/5.4.1/../../../arm-none-eabi/lib/armv7e-m/fpu/libg.a(lib_a-itoa.o)
                0x0000000000004554                __itoa
                0x0000000000004584                itoa
 .text          0x0000000000004588       0x40 /usr/lib/gcc/arm-none-eabi/5.4.1/../../../arm-none-eabi/lib/armv7e-m/fpu/libg.a(lib_a-strcat.o)
                0x0000000000004588                strcat
 .text          0x00000000000045c8       0xbc /usr/lib/gcc/arm-none-eabi/5.4.1/../../../arm-none-eabi/lib/armv7e-m/fpu/libg.a(lib_a-strcpy.o)
                0x00000000000045c8                strcpy
 *fill*         0x0000000000004684       0x3c 
 .text          0x00000000000046c0       0xdc /usr/lib/gcc/arm-none-eabi/5.4.1/../../../arm-none-eabi/lib/armv7e-m/fpu/libg.a(lib_a-strlen.o)
                0x00000000000046c0                strlen
 .text          0x000000000000479c       0x10 /usr/lib/gcc/arm-none-eabi/5.4.1/../../../arm-none-eabi/lib/armv7e-m/fpu/libg.a(lib_a-strtok.o)
                0x000000000000479c                strtok
 .text          0x00000000000047ac       0x6c /usr/lib/gcc/arm-none-eabi/5.4.1/../../../arm-none-eabi/lib/armv7e-m/fpu/libg.a(lib_a-strtok_r.o)
                0x00000000000047ac                __strtok_r
                0x0000000000004810                strtok_r
 .text          0x0000000000004818      0x140 /usr/lib/gcc/arm-none-eabi/5.4.1/../../../arm-none-eabi/lib/armv7e-m/fpu/libg.a(lib_a-strtol.o)
                0x0000000000004818                _strtol_r
                0x0000000000004940                strtol
 .text          0x0000000000004958       0x84 /usr/lib/gcc/arm-none-eabi/5.4.1/../../../arm-none-eabi/lib/armv7e-m/fpu/libg.a(lib_a-utoa.o)
                0x0000000000004958                __utoa
                0x00000000000049d8                utoa
 *(.rodata*)
 .rodata        0x00000000000049dc      0x180 ./src/main.o
 .rodata        0x0000000000004b5c       0x26 ./SW-EK-TM4C123GXL-2.1.4.178/utils/uartstdio.o
 *fill*         0x0000000000004b82        0x2 
 .rodata.g_ui32UARTBase
                0x0000000000004b84        0xc ./SW-EK-TM4C123GXL-2.1.4.178/utils/uartstdio.o
 .rodata.g_ui32UARTPeriph
                0x0000000000004b90        0xc ./SW-EK-TM4C123GXL-2.1.4.178/utils/uartstdio.o
 .rodata.g_pui32GPIOBaseAddrs
                0x0000000000004b9c       0x90 /home/student/eclipse-workspace/Tiva_C_LaunchPad/SW-EK-TM4C123GXL-2.1.4.178/driverlib/gcc/libdriver.a(gpio.o)
 .rodata.g_pui32Xtals
                0x0000000000004c2c       0x6c /home/student/eclipse-workspace/Tiva_C_LaunchPad/SW-EK-TM4C123GXL-2.1.4.178/driverlib/gcc/libdriver.a(sysctl.o)
 .rodata.str1.4
                0x0000000000004c98        0x2 /usr/lib/gcc/arm-none-eabi/5.4.1/../../../arm-none-eabi/lib/armv7e-m/fpu/libg.a(lib_a-impure.o)
 *fill*         0x0000000000004c9a        0x2 
 .rodata.str1.4
                0x0000000000004c9c       0x28 /usr/lib/gcc/arm-none-eabi/5.4.1/../../../arm-none-eabi/lib/armv7e-m/fpu/libg.a(lib_a-utoa.o)
                                         0x25 (size before relaxing)
 .rodata        0x0000000000004cc4      0x101 /usr/lib/gcc/arm-none-eabi/5.4.1/../../../arm-none-eabi/lib/armv7e-m/fpu/libg.a(lib_a-ctype_.o)
                0x0000000000004cc4                _ctype_
 *(.init)
 *fill*         0x0000000000004dc5        0x3 
 .init          0x0000000000004dc8        0x4 /usr/lib/gcc/arm-none-eabi/5.4.1/armv7e-m/fpu/crti.o
                0x0000000000004dc8                _init
 .init          0x0000000000004dcc        0x8 /usr/lib/gcc/arm-none-eabi/5.4.1/armv7e-m/fpu/crtn.o
 *(.fini)
 .fini          0x0000000000004dd4        0x4 /usr/lib/gcc/arm-none-eabi/5.4.1/armv7e-m/fpu/crti.o
                0x0000000000004dd4                _fini
 .fini          0x0000000000004dd8        0x8 /usr/lib/gcc/arm-none-eabi/5.4.1/armv7e-m/fpu/crtn.o
                0x0000000000004de0                _etext = .

.glue_7         0x0000000000004de0        0x0
 .glue_7        0x0000000000004de0        0x0 linker stubs

.glue_7t        0x0000000000004de0        0x0
 .glue_7t       0x0000000000004de0        0x0 linker stubs

.vfp11_veneer   0x0000000000004de0        0x0
 .vfp11_veneer  0x0000000000004de0        0x0 linker stubs

.v4_bx          0x0000000000004de0        0x0
 .v4_bx         0x0000000000004de0        0x0 linker stubs

.iplt           0x0000000000004de0        0x0
 .iplt          0x0000000000004de0        0x0 /usr/lib/gcc/arm-none-eabi/5.4.1/armv7e-m/fpu/crtbegin.o

.rel.dyn        0x0000000000004de0        0x0
 .rel.iplt      0x0000000000004de0        0x0 /usr/lib/gcc/arm-none-eabi/5.4.1/armv7e-m/fpu/crtbegin.o

.data           0x0000000020000000      0x4d4 load address 0x0000000000004de0
                0x0000000020000000                _data = .
                0x0000000000004de0                _ldata = LOADADDR (.data)
 *(vtable)
 *(.data*)
 .data.str      0x0000000020000000       0x96 ./src/main.o
                0x0000000020000000                str
 .data.rast     0x0000000020000096        0x2 ./src/main.o
                0x0000000020000096                rast
 .data.yer      0x0000000020000098        0x2 ./src/main.o
                0x0000000020000098                yer
 *fill*         0x000000002000009a        0x6 
 .data          0x00000000200000a0      0x430 /usr/lib/gcc/arm-none-eabi/5.4.1/../../../arm-none-eabi/lib/armv7e-m/fpu/libg.a(lib_a-impure.o)
                0x00000000200000a0                _impure_ptr
 .data          0x00000000200004d0        0x4 /usr/lib/gcc/arm-none-eabi/5.4.1/../../../arm-none-eabi/lib/armv7e-m/fpu/libg.a(lib_a-ctype_.o)
                0x00000000200004d0                __ctype_ptr__
                0x00000000200004d4                _edata = .

.igot.plt       0x00000000200004d4        0x0 load address 0x00000000000052b4
 .igot.plt      0x00000000200004d4        0x0 /usr/lib/gcc/arm-none-eabi/5.4.1/armv7e-m/fpu/crtbegin.o

.bss            0x00000000200004d4      0x250 load address 0x00000000000052b4
                0x00000000200004d4                _bss = .
 *(.bss*)
 .bss.atilan25  0x00000000200004d4        0x2 ./src/main.o
                0x00000000200004d4                atilan25
 .bss.atilan50  0x00000000200004d6        0x2 ./src/main.o
                0x00000000200004d6                atilan50
 .bss.atilan1   0x00000000200004d8        0x2 ./src/main.o
                0x00000000200004d8                atilan1
 .bss.verilen25
                0x00000000200004da        0x2 ./src/main.o
                0x00000000200004da                verilen25
 .bss.verilen50
                0x00000000200004dc        0x2 ./src/main.o
                0x00000000200004dc                verilen50
 .bss.verilen1  0x00000000200004de        0x2 ./src/main.o
                0x00000000200004de                verilen1
 .bss.urunlerinToplamFiyati
                0x00000000200004e0        0x4 ./src/main.o
                0x00000000200004e0                urunlerinToplamFiyati
 .bss.paraUstu  0x00000000200004e4        0x4 ./src/main.o
                0x00000000200004e4                paraUstu
 .bss.i         0x00000000200004e8        0x2 ./src/main.o
                0x00000000200004e8                i
 .bss.j         0x00000000200004ea        0x2 ./src/main.o
                0x00000000200004ea                j
 .bss.ctrl      0x00000000200004ec        0x2 ./src/main.o
                0x00000000200004ec                ctrl
 *fill*         0x00000000200004ee        0x2 
 .bss.rastgele  0x00000000200004f0        0x4 ./src/main.o
                0x00000000200004f0                rastgele
 .bss.siparis   0x00000000200004f4        0xa ./src/main.o
                0x00000000200004f4                siparis
 *fill*         0x00000000200004fe        0x2 
 .bss.pui32Stack
                0x0000000020000500      0x100 ./src/startup_gcc.o
 .bss.g_ui32Base
                0x0000000020000600        0x4 ./SW-EK-TM4C123GXL-2.1.4.178/utils/uartstdio.o
 *(COMMON)
 COMMON         0x0000000020000604      0x120 ./src/main.o
                0x0000000020000604                kasadakiParalar
                0x000000002000060c                f
                0x0000000020000620                g
                0x0000000020000634                para
                0x0000000020000638                atilanTL
                0x000000002000063c                kelime
                0x0000000020000640                atilanKurus
                0x0000000020000644                buton6_Bitis
                0x0000000020000648                UrunID
                0x0000000020000654                buton4_Bitis
                0x0000000020000658                buton5_Biskuvi
                0x000000002000065c                d
                0x0000000020000670                buton3_1tl
                0x0000000020000674                buton2_50kurus
                0x0000000020000678                yatilanTl
                0x000000002000067c                s
                0x0000000020000690                h
                0x00000000200006a4                UrunAd
                0x00000000200006d4                StokSayisi
                0x00000000200006e0                a
                0x00000000200006ec                UrunDeger
                0x0000000020000708                buton7_reset
                0x000000002000070c                UrunFiyat
                0x0000000020000720                buton1_25kurus
                0x0000000020000724                _ebss = .
OUTPUT(Tiva_C_LaunchPad.elf elf32-littlearm)

.ARM.attributes
                0x0000000000000000       0x30
 .ARM.attributes
                0x0000000000000000       0x22 /usr/lib/gcc/arm-none-eabi/5.4.1/armv7e-m/fpu/crti.o
 .ARM.attributes
                0x0000000000000022       0x39 ./src/main.o
 .ARM.attributes
                0x000000000000005b       0x39 ./src/startup_gcc.o
 .ARM.attributes
                0x0000000000000094       0x39 ./SW-EK-TM4C123GXL-2.1.4.178/utils/uartstdio.o
 .ARM.attributes
                0x00000000000000cd       0x3b /home/student/eclipse-workspace/Tiva_C_LaunchPad/SW-EK-TM4C123GXL-2.1.4.178/driverlib/gcc/libdriver.a(gpio.o)
 .ARM.attributes
                0x0000000000000108       0x3b /home/student/eclipse-workspace/Tiva_C_LaunchPad/SW-EK-TM4C123GXL-2.1.4.178/driverlib/gcc/libdriver.a(sysctl.o)
 .ARM.attributes
                0x0000000000000143       0x3b /home/student/eclipse-workspace/Tiva_C_LaunchPad/SW-EK-TM4C123GXL-2.1.4.178/driverlib/gcc/libdriver.a(uart.o)
 .ARM.attributes
                0x000000000000017e       0x22 /usr/lib/gcc/arm-none-eabi/5.4.1/armv7e-m/fpu/libgcc.a(_arm_addsubdf3.o)
 .ARM.attributes
                0x00000000000001a0       0x22 /usr/lib/gcc/arm-none-eabi/5.4.1/armv7e-m/fpu/libgcc.a(_arm_muldivdf3.o)
 .ARM.attributes
                0x00000000000001c2       0x22 /usr/lib/gcc/arm-none-eabi/5.4.1/armv7e-m/fpu/libgcc.a(_arm_fixunsdfsi.o)
 .ARM.attributes
                0x00000000000001e4       0x22 /usr/lib/gcc/arm-none-eabi/5.4.1/armv7e-m/fpu/libgcc.a(_arm_truncdfsf2.o)
 .ARM.attributes
                0x0000000000000206       0x34 /usr/lib/gcc/arm-none-eabi/5.4.1/../../../arm-none-eabi/lib/armv7e-m/fpu/libg.a(lib_a-atoi.o)
 .ARM.attributes
                0x000000000000023a       0x34 /usr/lib/gcc/arm-none-eabi/5.4.1/../../../arm-none-eabi/lib/armv7e-m/fpu/libg.a(lib_a-impure.o)
 .ARM.attributes
                0x000000000000026e       0x34 /usr/lib/gcc/arm-none-eabi/5.4.1/../../../arm-none-eabi/lib/armv7e-m/fpu/libg.a(lib_a-itoa.o)
 .ARM.attributes
                0x00000000000002a2       0x34 /usr/lib/gcc/arm-none-eabi/5.4.1/../../../arm-none-eabi/lib/armv7e-m/fpu/libg.a(lib_a-strcat.o)
 .ARM.attributes
                0x00000000000002d6       0x34 /usr/lib/gcc/arm-none-eabi/5.4.1/../../../arm-none-eabi/lib/armv7e-m/fpu/libg.a(lib_a-strcpy.o)
 .ARM.attributes
                0x000000000000030a       0x20 /usr/lib/gcc/arm-none-eabi/5.4.1/../../../arm-none-eabi/lib/armv7e-m/fpu/libg.a(lib_a-strlen.o)
 .ARM.attributes
                0x000000000000032a       0x34 /usr/lib/gcc/arm-none-eabi/5.4.1/../../../arm-none-eabi/lib/armv7e-m/fpu/libg.a(lib_a-strtok.o)
 .ARM.attributes
                0x000000000000035e       0x34 /usr/lib/gcc/arm-none-eabi/5.4.1/../../../arm-none-eabi/lib/armv7e-m/fpu/libg.a(lib_a-strtok_r.o)
 .ARM.attributes
                0x0000000000000392       0x34 /usr/lib/gcc/arm-none-eabi/5.4.1/../../../arm-none-eabi/lib/armv7e-m/fpu/libg.a(lib_a-strtol.o)
 .ARM.attributes
                0x00000000000003c6       0x34 /usr/lib/gcc/arm-none-eabi/5.4.1/../../../arm-none-eabi/lib/armv7e-m/fpu/libg.a(lib_a-utoa.o)
 .ARM.attributes
                0x00000000000003fa       0x34 /usr/lib/gcc/arm-none-eabi/5.4.1/../../../arm-none-eabi/lib/armv7e-m/fpu/libg.a(lib_a-ctype_.o)
 .ARM.attributes
                0x000000000000042e       0x22 /usr/lib/gcc/arm-none-eabi/5.4.1/armv7e-m/fpu/crtn.o

.comment        0x0000000000000000       0x9b
 .comment       0x0000000000000000       0x2b ./src/main.o
                                         0x2c (size before relaxing)
 .comment       0x000000000000002b       0x2c ./src/startup_gcc.o
 .comment       0x000000000000002b       0x2c ./SW-EK-TM4C123GXL-2.1.4.178/utils/uartstdio.o
 .comment       0x000000000000002b       0x70 /home/student/eclipse-workspace/Tiva_C_LaunchPad/SW-EK-TM4C123GXL-2.1.4.178/driverlib/gcc/libdriver.a(gpio.o)
                                         0x71 (size before relaxing)
 .comment       0x000000000000009b       0x71 /home/student/eclipse-workspace/Tiva_C_LaunchPad/SW-EK-TM4C123GXL-2.1.4.178/driverlib/gcc/libdriver.a(sysctl.o)
 .comment       0x000000000000009b       0x71 /home/student/eclipse-workspace/Tiva_C_LaunchPad/SW-EK-TM4C123GXL-2.1.4.178/driverlib/gcc/libdriver.a(uart.o)
 .comment       0x000000000000009b       0x2c /usr/lib/gcc/arm-none-eabi/5.4.1/../../../arm-none-eabi/lib/armv7e-m/fpu/libg.a(lib_a-atoi.o)
 .comment       0x000000000000009b       0x2c /usr/lib/gcc/arm-none-eabi/5.4.1/../../../arm-none-eabi/lib/armv7e-m/fpu/libg.a(lib_a-impure.o)
 .comment       0x000000000000009b       0x2c /usr/lib/gcc/arm-none-eabi/5.4.1/../../../arm-none-eabi/lib/armv7e-m/fpu/libg.a(lib_a-itoa.o)
 .comment       0x000000000000009b       0x2c /usr/lib/gcc/arm-none-eabi/5.4.1/../../../arm-none-eabi/lib/armv7e-m/fpu/libg.a(lib_a-strcat.o)
 .comment       0x000000000000009b       0x2c /usr/lib/gcc/arm-none-eabi/5.4.1/../../../arm-none-eabi/lib/armv7e-m/fpu/libg.a(lib_a-strcpy.o)
 .comment       0x000000000000009b       0x2c /usr/lib/gcc/arm-none-eabi/5.4.1/../../../arm-none-eabi/lib/armv7e-m/fpu/libg.a(lib_a-strtok.o)
 .comment       0x000000000000009b       0x2c /usr/lib/gcc/arm-none-eabi/5.4.1/../../../arm-none-eabi/lib/armv7e-m/fpu/libg.a(lib_a-strtok_r.o)
 .comment       0x000000000000009b       0x2c /usr/lib/gcc/arm-none-eabi/5.4.1/../../../arm-none-eabi/lib/armv7e-m/fpu/libg.a(lib_a-strtol.o)
 .comment       0x000000000000009b       0x2c /usr/lib/gcc/arm-none-eabi/5.4.1/../../../arm-none-eabi/lib/armv7e-m/fpu/libg.a(lib_a-utoa.o)
 .comment       0x000000000000009b       0x2c /usr/lib/gcc/arm-none-eabi/5.4.1/../../../arm-none-eabi/lib/armv7e-m/fpu/libg.a(lib_a-ctype_.o)

.debug_info     0x0000000000000000     0x3c2f
 .debug_info    0x0000000000000000      0x7e1 ./src/main.o
 .debug_info    0x00000000000007e1      0x172 ./src/startup_gcc.o
 .debug_info    0x0000000000000953      0x38f ./SW-EK-TM4C123GXL-2.1.4.178/utils/uartstdio.o
 .debug_info    0x0000000000000ce2       0xc2 /usr/lib/gcc/arm-none-eabi/5.4.1/armv7e-m/fpu/libgcc.a(_arm_addsubdf3.o)
 .debug_info    0x0000000000000da4       0xc2 /usr/lib/gcc/arm-none-eabi/5.4.1/armv7e-m/fpu/libgcc.a(_arm_muldivdf3.o)
 .debug_info    0x0000000000000e66       0xc2 /usr/lib/gcc/arm-none-eabi/5.4.1/armv7e-m/fpu/libgcc.a(_arm_fixunsdfsi.o)
 .debug_info    0x0000000000000f28       0xc2 /usr/lib/gcc/arm-none-eabi/5.4.1/armv7e-m/fpu/libgcc.a(_arm_truncdfsf2.o)
 .debug_info    0x0000000000000fea      0x919 /usr/lib/gcc/arm-none-eabi/5.4.1/../../../arm-none-eabi/lib/armv7e-m/fpu/libg.a(lib_a-atoi.o)
 .debug_info    0x0000000000001903      0x89b /usr/lib/gcc/arm-none-eabi/5.4.1/../../../arm-none-eabi/lib/armv7e-m/fpu/libg.a(lib_a-impure.o)
 .debug_info    0x000000000000219e      0x164 /usr/lib/gcc/arm-none-eabi/5.4.1/../../../arm-none-eabi/lib/armv7e-m/fpu/libg.a(lib_a-itoa.o)
 .debug_info    0x0000000000002302      0x116 /usr/lib/gcc/arm-none-eabi/5.4.1/../../../arm-none-eabi/lib/armv7e-m/fpu/libg.a(lib_a-strcat.o)
 .debug_info    0x0000000000002418       0xc4 /usr/lib/gcc/arm-none-eabi/5.4.1/../../../arm-none-eabi/lib/armv7e-m/fpu/libg.a(lib_a-strcpy.o)
 .debug_info    0x00000000000024dc       0xc9 /usr/lib/gcc/arm-none-eabi/5.4.1/../../../arm-none-eabi/lib/armv7e-m/fpu/libg.a(lib_a-strlen.o)
 .debug_info    0x00000000000025a5      0x8ec /usr/lib/gcc/arm-none-eabi/5.4.1/../../../arm-none-eabi/lib/armv7e-m/fpu/libg.a(lib_a-strtok.o)
 .debug_info    0x0000000000002e91      0x19c /usr/lib/gcc/arm-none-eabi/5.4.1/../../../arm-none-eabi/lib/armv7e-m/fpu/libg.a(lib_a-strtok_r.o)
 .debug_info    0x000000000000302d      0x9b8 /usr/lib/gcc/arm-none-eabi/5.4.1/../../../arm-none-eabi/lib/armv7e-m/fpu/libg.a(lib_a-strtol.o)
 .debug_info    0x00000000000039e5      0x18e /usr/lib/gcc/arm-none-eabi/5.4.1/../../../arm-none-eabi/lib/armv7e-m/fpu/libg.a(lib_a-utoa.o)
 .debug_info    0x0000000000003b73       0xbc /usr/lib/gcc/arm-none-eabi/5.4.1/../../../arm-none-eabi/lib/armv7e-m/fpu/libg.a(lib_a-ctype_.o)

.debug_abbrev   0x0000000000000000      0xf94
 .debug_abbrev  0x0000000000000000      0x219 ./src/main.o
 .debug_abbrev  0x0000000000000219       0xd3 ./src/startup_gcc.o
 .debug_abbrev  0x00000000000002ec      0x10e ./SW-EK-TM4C123GXL-2.1.4.178/utils/uartstdio.o
 .debug_abbrev  0x00000000000003fa       0x14 /usr/lib/gcc/arm-none-eabi/5.4.1/armv7e-m/fpu/libgcc.a(_arm_addsubdf3.o)
 .debug_abbrev  0x000000000000040e       0x14 /usr/lib/gcc/arm-none-eabi/5.4.1/armv7e-m/fpu/libgcc.a(_arm_muldivdf3.o)
 .debug_abbrev  0x0000000000000422       0x14 /usr/lib/gcc/arm-none-eabi/5.4.1/armv7e-m/fpu/libgcc.a(_arm_fixunsdfsi.o)
 .debug_abbrev  0x0000000000000436       0x14 /usr/lib/gcc/arm-none-eabi/5.4.1/armv7e-m/fpu/libgcc.a(_arm_truncdfsf2.o)
 .debug_abbrev  0x000000000000044a      0x1ba /usr/lib/gcc/arm-none-eabi/5.4.1/../../../arm-none-eabi/lib/armv7e-m/fpu/libg.a(lib_a-atoi.o)
 .debug_abbrev  0x0000000000000604      0x180 /usr/lib/gcc/arm-none-eabi/5.4.1/../../../arm-none-eabi/lib/armv7e-m/fpu/libg.a(lib_a-impure.o)
 .debug_abbrev  0x0000000000000784       0xc1 /usr/lib/gcc/arm-none-eabi/5.4.1/../../../arm-none-eabi/lib/armv7e-m/fpu/libg.a(lib_a-itoa.o)
 .debug_abbrev  0x0000000000000845       0xb1 /usr/lib/gcc/arm-none-eabi/5.4.1/../../../arm-none-eabi/lib/armv7e-m/fpu/libg.a(lib_a-strcat.o)
 .debug_abbrev  0x00000000000008f6       0x72 /usr/lib/gcc/arm-none-eabi/5.4.1/../../../arm-none-eabi/lib/armv7e-m/fpu/libg.a(lib_a-strcpy.o)
 .debug_abbrev  0x0000000000000968       0x14 /usr/lib/gcc/arm-none-eabi/5.4.1/../../../arm-none-eabi/lib/armv7e-m/fpu/libg.a(lib_a-strlen.o)
 .debug_abbrev  0x000000000000097c      0x1f0 /usr/lib/gcc/arm-none-eabi/5.4.1/../../../arm-none-eabi/lib/armv7e-m/fpu/libg.a(lib_a-strtok.o)
 .debug_abbrev  0x0000000000000b6c       0xda /usr/lib/gcc/arm-none-eabi/5.4.1/../../../arm-none-eabi/lib/armv7e-m/fpu/libg.a(lib_a-strtok_r.o)
 .debug_abbrev  0x0000000000000c46      0x20e /usr/lib/gcc/arm-none-eabi/5.4.1/../../../arm-none-eabi/lib/armv7e-m/fpu/libg.a(lib_a-strtol.o)
 .debug_abbrev  0x0000000000000e54       0xe7 /usr/lib/gcc/arm-none-eabi/5.4.1/../../../arm-none-eabi/lib/armv7e-m/fpu/libg.a(lib_a-utoa.o)
 .debug_abbrev  0x0000000000000f3b       0x59 /usr/lib/gcc/arm-none-eabi/5.4.1/../../../arm-none-eabi/lib/armv7e-m/fpu/libg.a(lib_a-ctype_.o)

.debug_aranges  0x0000000000000000      0x300
 .debug_aranges
                0x0000000000000000       0xb0 ./src/main.o
 .debug_aranges
                0x00000000000000b0       0x38 ./src/startup_gcc.o
 .debug_aranges
                0x00000000000000e8       0x48 ./SW-EK-TM4C123GXL-2.1.4.178/utils/uartstdio.o
 .debug_aranges
                0x0000000000000130       0x20 /usr/lib/gcc/arm-none-eabi/5.4.1/armv7e-m/fpu/libgcc.a(_arm_addsubdf3.o)
 .debug_aranges
                0x0000000000000150       0x20 /usr/lib/gcc/arm-none-eabi/5.4.1/armv7e-m/fpu/libgcc.a(_arm_muldivdf3.o)
 .debug_aranges
                0x0000000000000170       0x20 /usr/lib/gcc/arm-none-eabi/5.4.1/armv7e-m/fpu/libgcc.a(_arm_fixunsdfsi.o)
 .debug_aranges
                0x0000000000000190       0x20 /usr/lib/gcc/arm-none-eabi/5.4.1/armv7e-m/fpu/libgcc.a(_arm_truncdfsf2.o)
 .debug_aranges
                0x00000000000001b0       0x20 /usr/lib/gcc/arm-none-eabi/5.4.1/../../../arm-none-eabi/lib/armv7e-m/fpu/libg.a(lib_a-atoi.o)
 .debug_aranges
                0x00000000000001d0       0x18 /usr/lib/gcc/arm-none-eabi/5.4.1/../../../arm-none-eabi/lib/armv7e-m/fpu/libg.a(lib_a-impure.o)
 .debug_aranges
                0x00000000000001e8       0x20 /usr/lib/gcc/arm-none-eabi/5.4.1/../../../arm-none-eabi/lib/armv7e-m/fpu/libg.a(lib_a-itoa.o)
 .debug_aranges
                0x0000000000000208       0x20 /usr/lib/gcc/arm-none-eabi/5.4.1/../../../arm-none-eabi/lib/armv7e-m/fpu/libg.a(lib_a-strcat.o)
 .debug_aranges
                0x0000000000000228       0x20 /usr/lib/gcc/arm-none-eabi/5.4.1/../../../arm-none-eabi/lib/armv7e-m/fpu/libg.a(lib_a-strcpy.o)
 .debug_aranges
                0x0000000000000248       0x20 /usr/lib/gcc/arm-none-eabi/5.4.1/../../../arm-none-eabi/lib/armv7e-m/fpu/libg.a(lib_a-strlen.o)
 .debug_aranges
                0x0000000000000268       0x20 /usr/lib/gcc/arm-none-eabi/5.4.1/../../../arm-none-eabi/lib/armv7e-m/fpu/libg.a(lib_a-strtok.o)
 .debug_aranges
                0x0000000000000288       0x20 /usr/lib/gcc/arm-none-eabi/5.4.1/../../../arm-none-eabi/lib/armv7e-m/fpu/libg.a(lib_a-strtok_r.o)
 .debug_aranges
                0x00000000000002a8       0x20 /usr/lib/gcc/arm-none-eabi/5.4.1/../../../arm-none-eabi/lib/armv7e-m/fpu/libg.a(lib_a-strtol.o)
 .debug_aranges
                0x00000000000002c8       0x20 /usr/lib/gcc/arm-none-eabi/5.4.1/../../../arm-none-eabi/lib/armv7e-m/fpu/libg.a(lib_a-utoa.o)
 .debug_aranges
                0x00000000000002e8       0x18 /usr/lib/gcc/arm-none-eabi/5.4.1/../../../arm-none-eabi/lib/armv7e-m/fpu/libg.a(lib_a-ctype_.o)

.debug_ranges   0x0000000000000000      0x110
 .debug_ranges  0x0000000000000000       0xa0 ./src/main.o
 .debug_ranges  0x00000000000000a0       0x28 ./src/startup_gcc.o
 .debug_ranges  0x00000000000000c8       0x38 ./SW-EK-TM4C123GXL-2.1.4.178/utils/uartstdio.o
 .debug_ranges  0x0000000000000100       0x10 /usr/lib/gcc/arm-none-eabi/5.4.1/../../../arm-none-eabi/lib/armv7e-m/fpu/libg.a(lib_a-strcpy.o)

.debug_macro    0x0000000000000000    0x11721
 .debug_macro   0x0000000000000000      0x189 ./src/main.o
 .debug_macro   0x0000000000000189      0x880 ./src/main.o
 .debug_macro   0x0000000000000a09       0x22 ./src/main.o
 .debug_macro   0x0000000000000a2b       0x87 ./src/main.o
 .debug_macro   0x0000000000000ab2       0x44 ./src/main.o
 .debug_macro   0x0000000000000af6       0xfd ./src/main.o
 .debug_macro   0x0000000000000bf3       0x5e ./src/main.o
 .debug_macro   0x0000000000000c51      0x1df ./src/main.o
 .debug_macro   0x0000000000000e30     0xb522 ./src/main.o
 .debug_macro   0x000000000000c352       0x22 ./src/main.o
 .debug_macro   0x000000000000c374       0x67 ./src/main.o
 .debug_macro   0x000000000000c3db      0x101 ./src/main.o
 .debug_macro   0x000000000000c4dc      0xa88 ./src/main.o
 .debug_macro   0x000000000000cf64      0x17a ./src/main.o
 .debug_macro   0x000000000000d0de       0x58 ./src/main.o
 .debug_macro   0x000000000000d136       0x52 ./src/main.o
 .debug_macro   0x000000000000d188       0x35 ./src/main.o
 .debug_macro   0x000000000000d1bd       0x9c ./src/main.o
 .debug_macro   0x000000000000d259       0x16 ./src/main.o
 .debug_macro   0x000000000000d26f      0x10e ./src/main.o
 .debug_macro   0x000000000000d37d       0x8d ./src/main.o
 .debug_macro   0x000000000000d40a       0x52 ./src/main.o
 .debug_macro   0x000000000000d45c       0x1f ./src/main.o
 .debug_macro   0x000000000000d47b       0x43 ./src/main.o
 .debug_macro   0x000000000000d4be       0x20 ./src/main.o
 .debug_macro   0x000000000000d4de      0x187 ./src/main.o
 .debug_macro   0x000000000000d665      0x30d ./src/main.o
 .debug_macro   0x000000000000d972       0x16 ./src/main.o
 .debug_macro   0x000000000000d988       0x29 ./src/main.o
 .debug_macro   0x000000000000d9b1       0x75 ./src/startup_gcc.o
 .debug_macro   0x000000000000da26     0x1342 ./src/startup_gcc.o
 .debug_macro   0x000000000000ed68       0xd9 ./SW-EK-TM4C123GXL-2.1.4.178/utils/uartstdio.o
 .debug_macro   0x000000000000ee41      0x946 ./SW-EK-TM4C123GXL-2.1.4.178/utils/uartstdio.o
 .debug_macro   0x000000000000f787      0x25e ./SW-EK-TM4C123GXL-2.1.4.178/utils/uartstdio.o
 .debug_macro   0x000000000000f9e5      0x42a ./SW-EK-TM4C123GXL-2.1.4.178/utils/uartstdio.o
 .debug_macro   0x000000000000fe0f       0x10 ./SW-EK-TM4C123GXL-2.1.4.178/utils/uartstdio.o
 .debug_macro   0x000000000000fe1f       0x10 ./SW-EK-TM4C123GXL-2.1.4.178/utils/uartstdio.o
 .debug_macro   0x000000000000fe2f       0xdc ./SW-EK-TM4C123GXL-2.1.4.178/utils/uartstdio.o
 .debug_macro   0x000000000000ff0b     0x1816 ./SW-EK-TM4C123GXL-2.1.4.178/utils/uartstdio.o

.debug_line     0x0000000000000000     0x1dc8
 .debug_line    0x0000000000000000      0x8fa ./src/main.o
 .debug_line    0x00000000000008fa      0x1d8 ./src/startup_gcc.o
 .debug_line    0x0000000000000ad2      0x46d ./SW-EK-TM4C123GXL-2.1.4.178/utils/uartstdio.o
 .debug_line    0x0000000000000f3f      0x179 /usr/lib/gcc/arm-none-eabi/5.4.1/armv7e-m/fpu/libgcc.a(_arm_addsubdf3.o)
 .debug_line    0x00000000000010b8      0x19d /usr/lib/gcc/arm-none-eabi/5.4.1/armv7e-m/fpu/libgcc.a(_arm_muldivdf3.o)
 .debug_line    0x0000000000001255       0x76 /usr/lib/gcc/arm-none-eabi/5.4.1/armv7e-m/fpu/libgcc.a(_arm_fixunsdfsi.o)
 .debug_line    0x00000000000012cb       0x8e /usr/lib/gcc/arm-none-eabi/5.4.1/armv7e-m/fpu/libgcc.a(_arm_truncdfsf2.o)
 .debug_line    0x0000000000001359      0x146 /usr/lib/gcc/arm-none-eabi/5.4.1/../../../arm-none-eabi/lib/armv7e-m/fpu/libg.a(lib_a-atoi.o)
 .debug_line    0x000000000000149f       0xe9 /usr/lib/gcc/arm-none-eabi/5.4.1/../../../arm-none-eabi/lib/armv7e-m/fpu/libg.a(lib_a-impure.o)
 .debug_line    0x0000000000001588       0xc6 /usr/lib/gcc/arm-none-eabi/5.4.1/../../../arm-none-eabi/lib/armv7e-m/fpu/libg.a(lib_a-itoa.o)
 .debug_line    0x000000000000164e       0xbd /usr/lib/gcc/arm-none-eabi/5.4.1/../../../arm-none-eabi/lib/armv7e-m/fpu/libg.a(lib_a-strcat.o)
 .debug_line    0x000000000000170b       0xb4 /usr/lib/gcc/arm-none-eabi/5.4.1/../../../arm-none-eabi/lib/armv7e-m/fpu/libg.a(lib_a-strcpy.o)
 .debug_line    0x00000000000017bf       0xac /usr/lib/gcc/arm-none-eabi/5.4.1/../../../arm-none-eabi/lib/armv7e-m/fpu/libg.a(lib_a-strlen.o)
 .debug_line    0x000000000000186b      0x147 /usr/lib/gcc/arm-none-eabi/5.4.1/../../../arm-none-eabi/lib/armv7e-m/fpu/libg.a(lib_a-strtok.o)
 .debug_line    0x00000000000019b2       0xe7 /usr/lib/gcc/arm-none-eabi/5.4.1/../../../arm-none-eabi/lib/armv7e-m/fpu/libg.a(lib_a-strtok_r.o)
 .debug_line    0x0000000000001a99      0x1ca /usr/lib/gcc/arm-none-eabi/5.4.1/../../../arm-none-eabi/lib/armv7e-m/fpu/libg.a(lib_a-strtol.o)
 .debug_line    0x0000000000001c63       0xfe /usr/lib/gcc/arm-none-eabi/5.4.1/../../../arm-none-eabi/lib/armv7e-m/fpu/libg.a(lib_a-utoa.o)
 .debug_line    0x0000000000001d61       0x67 /usr/lib/gcc/arm-none-eabi/5.4.1/../../../arm-none-eabi/lib/armv7e-m/fpu/libg.a(lib_a-ctype_.o)

.debug_str      0x0000000000000000    0x5178a
 .debug_str     0x0000000000000000    0x43074 ./src/main.o
                                      0x432a2 (size before relaxing)
 .debug_str     0x0000000000043074      0xeed ./src/startup_gcc.o
                                       0x8729 (size before relaxing)
 .debug_str     0x0000000000043f61     0xcf63 ./SW-EK-TM4C123GXL-2.1.4.178/utils/uartstdio.o
                                      0x14922 (size before relaxing)
 .debug_str     0x0000000000050ec4      0x4e9 /usr/lib/gcc/arm-none-eabi/5.4.1/../../../arm-none-eabi/lib/armv7e-m/fpu/libg.a(lib_a-atoi.o)
                                        0x5a1 (size before relaxing)
 .debug_str     0x00000000000513ad       0x9a /usr/lib/gcc/arm-none-eabi/5.4.1/../../../arm-none-eabi/lib/armv7e-m/fpu/libg.a(lib_a-impure.o)
                                        0x5ae (size before relaxing)
 .debug_str     0x0000000000051447       0x44 /usr/lib/gcc/arm-none-eabi/5.4.1/../../../arm-none-eabi/lib/armv7e-m/fpu/libg.a(lib_a-itoa.o)
                                        0x1f2 (size before relaxing)
 .debug_str     0x000000000005148b       0x9b /usr/lib/gcc/arm-none-eabi/5.4.1/../../../arm-none-eabi/lib/armv7e-m/fpu/libg.a(lib_a-strcat.o)
                                        0x1e8 (size before relaxing)
 .debug_str     0x0000000000051526       0x9d /usr/lib/gcc/arm-none-eabi/5.4.1/../../../arm-none-eabi/lib/armv7e-m/fpu/libg.a(lib_a-strcpy.o)
                                        0x1e3 (size before relaxing)
 .debug_str     0x00000000000515c3       0x3c /usr/lib/gcc/arm-none-eabi/5.4.1/../../../arm-none-eabi/lib/armv7e-m/fpu/libg.a(lib_a-strtok.o)
                                        0x5af (size before relaxing)
 .debug_str     0x00000000000515ff       0x57 /usr/lib/gcc/arm-none-eabi/5.4.1/../../../arm-none-eabi/lib/armv7e-m/fpu/libg.a(lib_a-strtok_r.o)
                                        0x20f (size before relaxing)
 .debug_str     0x0000000000051656       0x5e /usr/lib/gcc/arm-none-eabi/5.4.1/../../../arm-none-eabi/lib/armv7e-m/fpu/libg.a(lib_a-strtol.o)
                                        0x5d4 (size before relaxing)
 .debug_str     0x00000000000516b4       0x40 /usr/lib/gcc/arm-none-eabi/5.4.1/../../../arm-none-eabi/lib/armv7e-m/fpu/libg.a(lib_a-utoa.o)
                                        0x1f5 (size before relaxing)
 .debug_str     0x00000000000516f4       0x96 /usr/lib/gcc/arm-none-eabi/5.4.1/../../../arm-none-eabi/lib/armv7e-m/fpu/libg.a(lib_a-ctype_.o)
                                        0x1e3 (size before relaxing)

.debug_frame    0x0000000000000000      0x5e4
 .debug_frame   0x0000000000000000      0x2b0 ./src/main.o
 .debug_frame   0x00000000000002b0       0x7c ./src/startup_gcc.o
 .debug_frame   0x000000000000032c       0xfc ./SW-EK-TM4C123GXL-2.1.4.178/utils/uartstdio.o
 .debug_frame   0x0000000000000428       0x30 /usr/lib/gcc/arm-none-eabi/5.4.1/../../../arm-none-eabi/lib/armv7e-m/fpu/libg.a(lib_a-atoi.o)
 .debug_frame   0x0000000000000458       0x3c /usr/lib/gcc/arm-none-eabi/5.4.1/../../../arm-none-eabi/lib/armv7e-m/fpu/libg.a(lib_a-itoa.o)
 .debug_frame   0x0000000000000494       0x28 /usr/lib/gcc/arm-none-eabi/5.4.1/../../../arm-none-eabi/lib/armv7e-m/fpu/libg.a(lib_a-strcat.o)
 .debug_frame   0x00000000000004bc       0x20 /usr/lib/gcc/arm-none-eabi/5.4.1/../../../arm-none-eabi/lib/armv7e-m/fpu/libg.a(lib_a-strcpy.o)
 .debug_frame   0x00000000000004dc       0x20 /usr/lib/gcc/arm-none-eabi/5.4.1/../../../arm-none-eabi/lib/armv7e-m/fpu/libg.a(lib_a-strtok.o)
 .debug_frame   0x00000000000004fc       0x48 /usr/lib/gcc/arm-none-eabi/5.4.1/../../../arm-none-eabi/lib/armv7e-m/fpu/libg.a(lib_a-strtok_r.o)
 .debug_frame   0x0000000000000544       0x54 /usr/lib/gcc/arm-none-eabi/5.4.1/../../../arm-none-eabi/lib/armv7e-m/fpu/libg.a(lib_a-strtol.o)
 .debug_frame   0x0000000000000598       0x4c /usr/lib/gcc/arm-none-eabi/5.4.1/../../../arm-none-eabi/lib/armv7e-m/fpu/libg.a(lib_a-utoa.o)

.debug_loc      0x0000000000000000      0xa36
 .debug_loc     0x0000000000000000       0x63 /usr/lib/gcc/arm-none-eabi/5.4.1/../../../arm-none-eabi/lib/armv7e-m/fpu/libg.a(lib_a-atoi.o)
 .debug_loc     0x0000000000000063      0x161 /usr/lib/gcc/arm-none-eabi/5.4.1/../../../arm-none-eabi/lib/armv7e-m/fpu/libg.a(lib_a-itoa.o)
 .debug_loc     0x00000000000001c4       0x95 /usr/lib/gcc/arm-none-eabi/5.4.1/../../../arm-none-eabi/lib/armv7e-m/fpu/libg.a(lib_a-strcat.o)
 .debug_loc     0x0000000000000259       0x21 /usr/lib/gcc/arm-none-eabi/5.4.1/../../../arm-none-eabi/lib/armv7e-m/fpu/libg.a(lib_a-strcpy.o)
 .debug_loc     0x000000000000027a       0x61 /usr/lib/gcc/arm-none-eabi/5.4.1/../../../arm-none-eabi/lib/armv7e-m/fpu/libg.a(lib_a-strtok.o)
 .debug_loc     0x00000000000002db      0x257 /usr/lib/gcc/arm-none-eabi/5.4.1/../../../arm-none-eabi/lib/armv7e-m/fpu/libg.a(lib_a-strtok_r.o)
 .debug_loc     0x0000000000000532      0x350 /usr/lib/gcc/arm-none-eabi/5.4.1/../../../arm-none-eabi/lib/armv7e-m/fpu/libg.a(lib_a-strtol.o)
 .debug_loc     0x0000000000000882      0x1b4 /usr/lib/gcc/arm-none-eabi/5.4.1/../../../arm-none-eabi/lib/armv7e-m/fpu/libg.a(lib_a-utoa.o)
